<h1 id="code">Code</h1>
<pre class="chroma"><code><span class="line"><span class="cl"><span class="kn">package</span> <span class="nx">main</span>
</span></span><span class="line"><span class="cl">
</span></span><span class="line"><span class="cl"><span class="kd">func</span> <span class="nf">main</span><span class="p">()</span> <span class="p">{</span>
</span></span><span class="line"><span class="cl">    <span class="nb">println</span><span class="p">(</span><span class="s">&#34;hi&#34;</span><span class="p">)</span>
</span></span><span class="line"><span class="cl"><span class="p">}</span>
</span></span></code></pre>